D:\EmbeddedDevFA\EMBEDDED\KL46\Workspace\Assignment_03_Integration_Application\LIB/PIT.h:13:20:PIT_StartTimer	8	static
D:\EmbeddedDevFA\EMBEDDED\KL46\Workspace\Assignment_03_Integration_Application\LIB/PIT.h:18:20:PIT_DisableTimer	8	static
D:\EmbeddedDevFA\EMBEDDED\KL46\Workspace\Assignment_03_Integration_Application\LIB/User_gpio.h:31:20:GPIO_TogglePin	16	static
D:\EmbeddedDevFA\EMBEDDED\KL46\Workspace\Assignment_03_Integration_Application\LIB/User_gpio.h:35:20:GPIO_SetPin	16	static
D:\EmbeddedDevFA\EMBEDDED\KL46\Workspace\Assignment_03_Integration_Application\LIB/User_gpio.h:39:20:GPIO_ClearPin	16	static
D:\EmbeddedDevFA\EMBEDDED\KL46\Workspace\Assignment_03_Integration_Application\LIB/Middleware.h:21:20:LED_ON	16	static
D:\EmbeddedDevFA\EMBEDDED\KL46\Workspace\Assignment_03_Integration_Application\LIB/Middleware.h:25:20:LED_OFF	16	static
D:\EmbeddedDevFA\EMBEDDED\KL46\Workspace\Assignment_03_Integration_Application\LIB/Middleware.h:29:20:LED_TogglePin	16	static
../source/Assignment_03_Integration_Application.c:70:5:main	8	static
../source/Assignment_03_Integration_Application.c:135:6:SendDatatoPC	8	static
../source/Assignment_03_Integration_Application.c:144:6:UART0_ISR_Recievehandle	8	static
../source/Assignment_03_Integration_Application.c:148:6:ADC_ISR_handle	8	static
../source/Assignment_03_Integration_Application.c:153:6:PIT_ISR_handle	8	static
../source/Assignment_03_Integration_Application.c:157:6:BTN_ISR_handle	16	static
../source/Assignment_03_Integration_Application.c:168:13:LED_Config	8	static
../source/Assignment_03_Integration_Application.c:187:13:ADC0_Config	8	static
../source/Assignment_03_Integration_Application.c:199:13:UART0_Config	8	static
../source/Assignment_03_Integration_Application.c:212:13:BTN_Config	8	static
